
  [1;31mWe've found a bug for you![0m
  [36m/.../fixtures/missing_required_prop.res[0m:[2m28:7-37[0m

  26 [2m┆[0m let make = () => {
  27 [2m┆[0m   <Wrapper>
  [1;31m28[0m [2m┆[0m     [1;31m<div> {""->React.string} </div>[0m
  29 [2m┆[0m   </Wrapper>
  30 [2m┆[0m }

  This JSX component does not accept child elements. It has no [1;31mchildren[0m prop [1;33m<Wrapper />[0m