
  [1;31mWe've found a bug for you![0m
  [36m/.../fixtures/record_coercion_as_payload_mismatch_right.res[0m:[2m15:10-15[0m

  13 [2m│[0m }
  14 [2m│[0m 
  [1;31m15[0m [2m│[0m let y = ([1;31mx :> y[0m)
  16 [2m│[0m 

  Type x is not a subtype of y 

  The record [1;33mx[0m cannot be coerced to the record [1;33my[0m because:
  - Field [1;33mx[0m runtime representation is [1;33m"x"[0m in record [1;33my[0m, but in record [1;33mx[0m it is configured to be [1;33m"z"[0m (via the @as attribute). Runtime representations must match.