/**
This is the first docstring with unformatted ReScript code.

```res example
let badly_formatted = (x, y) => {
  let result = x + y
  if result > 0 {
    Console.log("positive")
  } else {
    Console.log("negative")
  }
  result
}
```

And another code block in the same docstring:

```rescript
type user = {name: string, age: int, active: bool}
let createUser = (name, age) => {name, age, active: true}
let x = 12
x == 12
```
*/
let testFunction1 = () => "test1"

module Nested = {
  /**
  This is a second docstring with different formatting issues.

  But if I add another line here it should be fine.

  ```res info
  module UserService = {
    let validate = user => user.age >= 18 && user.name !== ""
    let getName = user => user.name
  }
  ```
  */
  let testFunction2 = () => "test2"
}

/**
Third docstring with array and option types.

```rescript
let processUsers = (users: array<user>) => {
  users
  ->Array.map(user => {...user, active: false})
  ->Array.filter(u => u.age > 21)
}

type status = Loading | Success(string) | Error(option<string>)
```
*/
let testFunction3 = () => "test3"

